// Jest Snapshot v1, https://goo.gl/fbAQLP

exports[`<Section /> Matches the snapshot 1`] = `
<div>
  <section
    data-color="alternate"
    data-testid="section-mock"
  >
    <div>
      Test
    </div>
  </section>
</div>
`;
