// Jest Snapshot v1, https://goo.gl/fbAQLP

exports[`Button matches snapshot with specific props 1`] = `
<button
  class="mock-atoms-class mock-button-style-class"
  data-testid="mock-button"
>
  Snapshot Button
</button>
`;
